[
  {
    "label": "Direct Enquiry",
    "tree": {
      "id": "uONXSHosa",
      "name": "Direct Enquiry",
      "type": "FrameNode",
      "href": "mailto:enquiries@arbour.estate",
      "children": [
        {
          "id": "jFTgrH9Eq",
          "type": "RichTextNode",
          "children": [
            {
              "id": "v:jFTgrH9Eq:0",
              "type": "TextBlock",
              "children": [
                {
                  "id": "v:jFTgrH9Eq:0:0",
                  "type": "TextRun",
                  "text": "ENQUIRIES@ARBOUR.ESTATE",
                  "children": []
                }
              ]
            }
          ]
        },
        {
          "id": "BMhLvwqld",
          "type": "ComponentInstanceNode",
          "controlLink": "mailto:enquiries@arbour.estate",
          "controlLabel": "WRITE PRIVATELY →",
          "children": []
        }
      ]
    }
  },
  {
    "label": "UL",
    "tree": {
      "id": "BMhLvwqld",
      "type": "ComponentInstanceNode",
      "controlLink": "mailto:enquiries@arbour.estate",
      "controlLabel": "WRITE PRIVATELY →",
      "children": []
    }
  },
  {
    "label": "text parent?",
    "tree": {
      "id": "jFTgrH9Eq",
      "type": "RichTextNode",
      "children": [
        {
          "id": "v:jFTgrH9Eq:0",
          "type": "TextBlock",
          "children": [
            {
              "id": "v:jFTgrH9Eq:0:0",
              "type": "TextRun",
              "text": "ENQUIRIES@ARBOUR.ESTATE",
              "children": []
            }
          ]
        }
      ]
    }
  },
  {
    "label": "Email Arbour",
    "tree": {
      "id": "qB71RMXEV",
      "name": "Email Arbour",
      "type": "FrameNode",
      "href": "mailto:enquiries@arbour.estate",
      "children": [
        {
          "id": "EuA2UleYw",
          "type": "RichTextNode",
          "children": [
            {
              "id": "v:EuA2UleYw:0",
              "type": "TextBlock",
              "children": [
                {
                  "id": "v:EuA2UleYw:0:0",
                  "type": "TextRun",
                  "text": "WRITE PRIVATELY →",
                  "children": []
                }
              ]
            }
          ]
        }
      ]
    }
  },
  {
    "label": "Opening RT",
    "tree": {
      "id": "WDu0pxZr4",
      "type": "RichTextNode",
      "href": "mailto:enquiries@arbour.estate",
      "children": [
        {
          "id": "v:WDu0pxZr4:0",
          "type": "TextBlock",
          "children": [
            {
              "id": "v:WDu0pxZr4:0:0",
              "type": "TextRun",
              "text": "enquiries@arbour.estate",
              "children": []
            }
          ]
        }
      ]
    }
  },
  {
    "label": "IG RT",
    "tree": {
      "id": "czYnPBVB2",
      "type": "RichTextNode",
      "href": "https://instagram.com",
      "children": [
        {
          "id": "v:czYnPBVB2:0",
          "type": "TextBlock",
          "children": [
            {
              "id": "v:czYnPBVB2:0:0",
              "type": "TextRun",
              "text": "Instagram",
              "children": []
            }
          ]
        }
      ]
    }
  },
  {
    "label": "LI RT",
    "tree": {
      "id": "EHoSN46Wx",
      "type": "RichTextNode",
      "href": "https://linkedin.com",
      "children": [
        {
          "id": "v:EHoSN46Wx:0",
          "type": "TextBlock",
          "children": [
            {
              "id": "v:EHoSN46Wx:0:0",
              "type": "TextRun",
              "text": "LinkedIn",
              "children": []
            }
          ]
        }
      ]
    }
  },
  {
    "label": "X RT",
    "tree": {
      "id": "CQFoFPqQb",
      "type": "RichTextNode",
      "href": "https://x.com",
      "children": [
        {
          "id": "v:CQFoFPqQb:0",
          "type": "TextBlock",
          "children": [
            {
              "id": "v:CQFoFPqQb:0:0",
              "type": "TextRun",
              "text": "X (Twitter)",
              "children": []
            }
          ]
        }
      ]
    }
  },
  {
    "label": "Nav mailto RT",
    "tree": {
      "id": "CHYXZMgW2",
      "type": "RichTextNode",
      "href": "mailto:enquiries@arbour.london",
      "children": [
        {
          "id": "v:CHYXZMgW2:0",
          "type": "TextBlock",
          "children": [
            {
              "id": "v:CHYXZMgW2:0:0",
              "type": "TextRun",
              "text": "enquiries@arbour.london",
              "children": []
            }
          ]
        }
      ]
    }
  }
]
