{
  "ok": true,
  "preview": {
    "changesCount": 1,
    "status": "ready",
    "urls": {
      "production": "https://arbour.framer.website"
    }
  },
  "confirmed": {
    "status": "published",
    "message": "Site published to production (version 4852045eb).",
    "urls": {
      "production": "https://arbour.framer.website",
      "published": "https://arbour.framer.website"
    },
    "version": {
      "id": "4852045eb"
    },
    "versions": [
      {
        "id": "4852045eb",
        "timestamp": 1785588843,
        "publishedBy": "BuiltBy Kern"
      }
    ],
    "keys": [
      "action",
      "status",
      "message",
      "stagingEnabled",
      "publishTarget",
      "versions",
      "urls",
      "version",
      "nextAction"
    ]
  },
  "publishInfo": {
    "production": {
      "deploymentTime": 1785588843778,
      "optimizationStatus": "optimizing",
      "url": "https://arbour.framer.website",
      "currentPageUrl": "https://arbour.framer.website/"
    },
    "staging": {
      "deploymentTime": 1785588843778,
      "optimizationStatus": "optimizing",
      "url": "https://minimum-directions-600719.framer.app",
      "currentPageUrl": "https://minimum-directions-600719.framer.app/"
    }
  }
}
