{
  "count": 48,
  "hits": [
    {
      "pagePath": "/contact",
      "id": "uONXSHosa",
      "name": "Direct Enquiry",
      "type": "FrameNode",
      "href": "mailto:enquiries@arbour.estate",
      "controlLink": null,
      "text": null,
      "trail": [
        "/contact",
        "Desktop",
        "Contact Hero",
        "Hero Copy"
      ]
    },
    {
      "pagePath": "/contact",
      "id": "v:jFTgrH9Eq:0:0",
      "name": "",
      "type": "TextRun",
      "href": null,
      "controlLink": null,
      "text": "ENQUIRIES@ARBOUR.ESTATE",
      "trail": [
        "Hero Copy",
        "Direct Enquiry",
        "jFTgrH9Eq",
        "v:jFTgrH9Eq:0"
      ]
    },
    {
      "pagePath": "/contact",
      "id": "BMhLvwqld",
      "name": "Arbour_UnderlineLink",
      "type": "ComponentInstanceNode",
      "href": null,
      "controlLink": "mailto:enquiries@arbour.estate",
      "text": null,
      "trail": [
        "Desktop",
        "Contact Hero",
        "Hero Copy",
        "Direct Enquiry"
      ]
    },
    {
      "pagePath": "/contact",
      "id": "WDu0pxZr4",
      "name": "",
      "type": "RichTextNode",
      "href": "mailto:enquiries@arbour.estate",
      "controlLink": null,
      "text": null,
      "trail": [
        "Contact Opening",
        "f6WUp6SN5",
        "puCbB_BBh",
        "jaoBzZ16E"
      ]
    },
    {
      "pagePath": "/contact",
      "id": "v:WDu0pxZr4:0:0",
      "name": "",
      "type": "TextRun",
      "href": null,
      "controlLink": null,
      "text": "enquiries@arbour.estate",
      "trail": [
        "puCbB_BBh",
        "jaoBzZ16E",
        "WDu0pxZr4",
        "v:WDu0pxZr4:0"
      ]
    },
    {
      "pagePath": "/contact",
      "id": "qB71RMXEV",
      "name": "Email Arbour",
      "type": "FrameNode",
      "href": "mailto:enquiries@arbour.estate",
      "controlLink": null,
      "text": null,
      "trail": [
        "/contact",
        "Desktop",
        "Private Consultation Pause",
        "Consultation Detail"
      ]
    },
    {
      "pagePath": "/contact",
      "id": "qjv2S9WpauONXSHosa",
      "name": "Direct Enquiry",
      "type": "FrameNode",
      "href": "mailto:enquiries@arbour.estate",
      "controlLink": null,
      "text": null,
      "trail": [
        "/contact",
        "Tablet",
        "Contact Hero",
        "Hero Copy"
      ]
    },
    {
      "pagePath": "/contact",
      "id": "v:qjv2S9WpajFTgrH9Eq:0:0",
      "name": "",
      "type": "TextRun",
      "href": null,
      "controlLink": null,
      "text": "ENQUIRIES@ARBOUR.ESTATE",
      "trail": [
        "Hero Copy",
        "Direct Enquiry",
        "qjv2S9WpajFTgrH9Eq",
        "v:qjv2S9WpajFTgrH9Eq:0"
      ]
    },
    {
      "pagePath": "/contact",
      "id": "qjv2S9WpaBMhLvwqld",
      "name": "Arbour_UnderlineLink",
      "type": "ComponentInstanceNode",
      "href": null,
      "controlLink": "mailto:enquiries@arbour.estate",
      "text": null,
      "trail": [
        "Tablet",
        "Contact Hero",
        "Hero Copy",
        "Direct Enquiry"
      ]
    },
    {
      "pagePath": "/contact",
      "id": "qjv2S9WpaWDu0pxZr4",
      "name": "",
      "type": "RichTextNode",
      "href": "mailto:enquiries@arbour.estate",
      "controlLink": null,
      "text": null,
      "trail": [
        "Contact Opening",
        "qjv2S9Wpaf6WUp6SN5",
        "qjv2S9WpapuCbB_BBh",
        "qjv2S9WpajaoBzZ16E"
      ]
    },
    {
      "pagePath": "/contact",
      "id": "v:qjv2S9WpaWDu0pxZr4:0:0",
      "name": "",
      "type": "TextRun",
      "href": null,
      "controlLink": null,
      "text": "enquiries@arbour.estate",
      "trail": [
        "qjv2S9WpapuCbB_BBh",
        "qjv2S9WpajaoBzZ16E",
        "qjv2S9WpaWDu0pxZr4",
        "v:qjv2S9WpaWDu0pxZr4:0"
      ]
    },
    {
      "pagePath": "/contact",
      "id": "qjv2S9WpaqB71RMXEV",
      "name": "Email Arbour",
      "type": "FrameNode",
      "href": "mailto:enquiries@arbour.estate",
      "controlLink": null,
      "text": null,
      "trail": [
        "/contact",
        "Tablet",
        "Private Consultation Pause",
        "Consultation Detail"
      ]
    },
    {
      "pagePath": "/contact",
      "id": "jEM0wBo2vuONXSHosa",
      "name": "Direct Enquiry",
      "type": "FrameNode",
      "href": "mailto:enquiries@arbour.estate",
      "controlLink": null,
      "text": null,
      "trail": [
        "/contact",
        "Phone",
        "Contact Hero",
        "Hero Copy"
      ]
    },
    {
      "pagePath": "/contact",
      "id": "v:jEM0wBo2vjFTgrH9Eq:0:0",
      "name": "",
      "type": "TextRun",
      "href": null,
      "controlLink": null,
      "text": "ENQUIRIES@ARBOUR.ESTATE",
      "trail": [
        "Hero Copy",
        "Direct Enquiry",
        "jEM0wBo2vjFTgrH9Eq",
        "v:jEM0wBo2vjFTgrH9Eq:0"
      ]
    },
    {
      "pagePath": "/contact",
      "id": "jEM0wBo2vBMhLvwqld",
      "name": "Arbour_UnderlineLink",
      "type": "ComponentInstanceNode",
      "href": null,
      "controlLink": "mailto:enquiries@arbour.estate",
      "text": null,
      "trail": [
        "Phone",
        "Contact Hero",
        "Hero Copy",
        "Direct Enquiry"
      ]
    },
    {
      "pagePath": "/contact",
      "id": "jEM0wBo2vWDu0pxZr4",
      "name": "",
      "type": "RichTextNode",
      "href": "mailto:enquiries@arbour.estate",
      "controlLink": null,
      "text": null,
      "trail": [
        "Contact Opening",
        "jEM0wBo2vf6WUp6SN5",
        "jEM0wBo2vpuCbB_BBh",
        "jEM0wBo2vjaoBzZ16E"
      ]
    },
    {
      "pagePath": "/contact",
      "id": "v:jEM0wBo2vWDu0pxZr4:0:0",
      "name": "",
      "type": "TextRun",
      "href": null,
      "controlLink": null,
      "text": "enquiries@arbour.estate",
      "trail": [
        "jEM0wBo2vpuCbB_BBh",
        "jEM0wBo2vjaoBzZ16E",
        "jEM0wBo2vWDu0pxZr4",
        "v:jEM0wBo2vWDu0pxZr4:0"
      ]
    },
    {
      "pagePath": "/contact",
      "id": "jEM0wBo2vqB71RMXEV",
      "name": "Email Arbour",
      "type": "FrameNode",
      "href": "mailto:enquiries@arbour.estate",
      "controlLink": null,
      "text": null,
      "trail": [
        "/contact",
        "Phone",
        "Private Consultation Pause",
        "Consultation Detail"
      ]
    },
    {
      "pagePath": "component:Nav",
      "id": "czYnPBVB2",
      "name": "",
      "type": "RichTextNode",
      "href": "https://instagram.com",
      "controlLink": null,
      "text": null,
      "trail": [
        "container",
        "Drawer Split",
        "Footer",
        "Socials"
      ]
    },
    {
      "pagePath": "component:Nav",
      "id": "EHoSN46Wx",
      "name": "",
      "type": "RichTextNode",
      "href": "https://linkedin.com",
      "controlLink": null,
      "text": null,
      "trail": [
        "container",
        "Drawer Split",
        "Footer",
        "Socials"
      ]
    },
    {
      "pagePath": "component:Nav",
      "id": "CQFoFPqQb",
      "name": "",
      "type": "RichTextNode",
      "href": "https://x.com",
      "controlLink": null,
      "text": null,
      "trail": [
        "container",
        "Drawer Split",
        "Footer",
        "Socials"
      ]
    },
    {
      "pagePath": "component:Nav",
      "id": "CHYXZMgW2",
      "name": "",
      "type": "RichTextNode",
      "href": "mailto:enquiries@arbour.london",
      "controlLink": null,
      "text": null,
      "trail": [
        "container",
        "Drawer Split",
        "Footer",
        "Contact"
      ]
    },
    {
      "pagePath": "component:Nav",
      "id": "v:CHYXZMgW2:0:0",
      "name": "",
      "type": "TextRun",
      "href": null,
      "controlLink": null,
      "text": "enquiries@arbour.london",
      "trail": [
        "Footer",
        "Contact",
        "CHYXZMgW2",
        "v:CHYXZMgW2:0"
      ]
    },
    {
      "pagePath": "component:Nav",
      "id": "I3SpHi24vczYnPBVB2",
      "name": "",
      "type": "RichTextNode",
      "href": "https://instagram.com",
      "controlLink": null,
      "text": null,
      "trail": [
        "container",
        "Drawer Split",
        "Footer",
        "Socials"
      ]
    },
    {
      "pagePath": "component:Nav",
      "id": "I3SpHi24vEHoSN46Wx",
      "name": "",
      "type": "RichTextNode",
      "href": "https://linkedin.com",
      "controlLink": null,
      "text": null,
      "trail": [
        "container",
        "Drawer Split",
        "Footer",
        "Socials"
      ]
    },
    {
      "pagePath": "component:Nav",
      "id": "I3SpHi24vCQFoFPqQb",
      "name": "",
      "type": "RichTextNode",
      "href": "https://x.com",
      "controlLink": null,
      "text": null,
      "trail": [
        "container",
        "Drawer Split",
        "Footer",
        "Socials"
      ]
    },
    {
      "pagePath": "component:Nav",
      "id": "I3SpHi24vCHYXZMgW2",
      "name": "",
      "type": "RichTextNode",
      "href": "mailto:enquiries@arbour.london",
      "controlLink": null,
      "text": null,
      "trail": [
        "container",
        "Drawer Split",
        "Footer",
        "Contact"
      ]
    },
    {
      "pagePath": "component:Nav",
      "id": "v:I3SpHi24vCHYXZMgW2:0:0",
      "name": "",
      "type": "TextRun",
      "href": null,
      "controlLink": null,
      "text": "enquiries@arbour.london",
      "trail": [
        "Footer",
        "Contact",
        "I3SpHi24vCHYXZMgW2",
        "v:I3SpHi24vCHYXZMgW2:0"
      ]
    },
    {
      "pagePath": "component:Nav",
      "id": "rL2ZHlVqgczYnPBVB2",
      "name": "",
      "type": "RichTextNode",
      "href": "https://instagram.com",
      "controlLink": null,
      "text": null,
      "trail": [
        "container",
        "Drawer Split",
        "Footer",
        "Socials"
      ]
    },
    {
      "pagePath": "component:Nav",
      "id": "rL2ZHlVqgEHoSN46Wx",
      "name": "",
      "type": "RichTextNode",
      "href": "https://linkedin.com",
      "controlLink": null,
      "text": null,
      "trail": [
        "container",
        "Drawer Split",
        "Footer",
        "Socials"
      ]
    },
    {
      "pagePath": "component:Nav",
      "id": "rL2ZHlVqgCQFoFPqQb",
      "name": "",
      "type": "RichTextNode",
      "href": "https://x.com",
      "controlLink": null,
      "text": null,
      "trail": [
        "container",
        "Drawer Split",
        "Footer",
        "Socials"
      ]
    },
    {
      "pagePath": "component:Nav",
      "id": "rL2ZHlVqgCHYXZMgW2",
      "name": "",
      "type": "RichTextNode",
      "href": "mailto:enquiries@arbour.london",
      "controlLink": null,
      "text": null,
      "trail": [
        "container",
        "Drawer Split",
        "Footer",
        "Contact"
      ]
    },
    {
      "pagePath": "component:Nav",
      "id": "v:rL2ZHlVqgCHYXZMgW2:0:0",
      "name": "",
      "type": "TextRun",
      "href": null,
      "controlLink": null,
      "text": "enquiries@arbour.london",
      "trail": [
        "Footer",
        "Contact",
        "rL2ZHlVqgCHYXZMgW2",
        "v:rL2ZHlVqgCHYXZMgW2:0"
      ]
    },
    {
      "pagePath": "component:Nav",
      "id": "GBmgkcS5cczYnPBVB2",
      "name": "",
      "type": "RichTextNode",
      "href": "https://instagram.com",
      "controlLink": null,
      "text": null,
      "trail": [
        "container",
        "Drawer Split",
        "Footer",
        "Socials"
      ]
    },
    {
      "pagePath": "component:Nav",
      "id": "GBmgkcS5cEHoSN46Wx",
      "name": "",
      "type": "RichTextNode",
      "href": "https://linkedin.com",
      "controlLink": null,
      "text": null,
      "trail": [
        "container",
        "Drawer Split",
        "Footer",
        "Socials"
      ]
    },
    {
      "pagePath": "component:Nav",
      "id": "GBmgkcS5cCQFoFPqQb",
      "name": "",
      "type": "RichTextNode",
      "href": "https://x.com",
      "controlLink": null,
      "text": null,
      "trail": [
        "container",
        "Drawer Split",
        "Footer",
        "Socials"
      ]
    },
    {
      "pagePath": "component:Nav",
      "id": "GBmgkcS5cCHYXZMgW2",
      "name": "",
      "type": "RichTextNode",
      "href": "mailto:enquiries@arbour.london",
      "controlLink": null,
      "text": null,
      "trail": [
        "container",
        "Drawer Split",
        "Footer",
        "Contact"
      ]
    },
    {
      "pagePath": "component:Nav",
      "id": "v:GBmgkcS5cCHYXZMgW2:0:0",
      "name": "",
      "type": "TextRun",
      "href": null,
      "controlLink": null,
      "text": "enquiries@arbour.london",
      "trail": [
        "Footer",
        "Contact",
        "GBmgkcS5cCHYXZMgW2",
        "v:GBmgkcS5cCHYXZMgW2:0"
      ]
    },
    {
      "pagePath": "component:Nav",
      "id": "WLQAqm0QzCHYXZMgW2",
      "name": "",
      "type": "RichTextNode",
      "href": "mailto:enquiries@arbour.london",
      "controlLink": null,
      "text": null,
      "trail": [
        "container",
        "Drawer Split",
        "Footer",
        "Contact"
      ]
    },
    {
      "pagePath": "component:Nav",
      "id": "v:WLQAqm0QzCHYXZMgW2:0:0",
      "name": "",
      "type": "TextRun",
      "href": null,
      "controlLink": null,
      "text": "enquiries@arbour.london",
      "trail": [
        "Footer",
        "Contact",
        "WLQAqm0QzCHYXZMgW2",
        "v:WLQAqm0QzCHYXZMgW2:0"
      ]
    },
    {
      "pagePath": "component:Nav",
      "id": "WLQAqm0QzczYnPBVB2",
      "name": "",
      "type": "RichTextNode",
      "href": "https://instagram.com",
      "controlLink": null,
      "text": null,
      "trail": [
        "container",
        "Drawer Split",
        "Footer",
        "Socials"
      ]
    },
    {
      "pagePath": "component:Nav",
      "id": "WLQAqm0QzEHoSN46Wx",
      "name": "",
      "type": "RichTextNode",
      "href": "https://linkedin.com",
      "controlLink": null,
      "text": null,
      "trail": [
        "container",
        "Drawer Split",
        "Footer",
        "Socials"
      ]
    },
    {
      "pagePath": "component:Nav",
      "id": "WLQAqm0QzCQFoFPqQb",
      "name": "",
      "type": "RichTextNode",
      "href": "https://x.com",
      "controlLink": null,
      "text": null,
      "trail": [
        "container",
        "Drawer Split",
        "Footer",
        "Socials"
      ]
    },
    {
      "pagePath": "component:Nav",
      "id": "dzeGSJmBBczYnPBVB2",
      "name": "",
      "type": "RichTextNode",
      "href": "https://instagram.com",
      "controlLink": null,
      "text": null,
      "trail": [
        "container",
        "Drawer Split",
        "Footer",
        "Socials"
      ]
    },
    {
      "pagePath": "component:Nav",
      "id": "dzeGSJmBBEHoSN46Wx",
      "name": "",
      "type": "RichTextNode",
      "href": "https://linkedin.com",
      "controlLink": null,
      "text": null,
      "trail": [
        "container",
        "Drawer Split",
        "Footer",
        "Socials"
      ]
    },
    {
      "pagePath": "component:Nav",
      "id": "dzeGSJmBBCQFoFPqQb",
      "name": "",
      "type": "RichTextNode",
      "href": "https://x.com",
      "controlLink": null,
      "text": null,
      "trail": [
        "container",
        "Drawer Split",
        "Footer",
        "Socials"
      ]
    },
    {
      "pagePath": "component:Nav",
      "id": "dzeGSJmBBCHYXZMgW2",
      "name": "",
      "type": "RichTextNode",
      "href": "mailto:enquiries@arbour.london",
      "controlLink": null,
      "text": null,
      "trail": [
        "container",
        "Drawer Split",
        "Footer",
        "Contact"
      ]
    },
    {
      "pagePath": "component:Nav",
      "id": "v:dzeGSJmBBCHYXZMgW2:0:0",
      "name": "",
      "type": "TextRun",
      "href": null,
      "controlLink": null,
      "text": "enquiries@arbour.london",
      "trail": [
        "Footer",
        "Contact",
        "dzeGSJmBBCHYXZMgW2",
        "v:dzeGSJmBBCHYXZMgW2:0"
      ]
    }
  ]
}
