{
  "res": {
    "message": "Lint: 12 warnings."
  },
  "check": [
    {
      "id": "ybimMi00F",
      "name": "Arbour Introduction",
      "href": "/",
      "cursor": "pointer"
    },
    {
      "id": "fAzfyleWg",
      "href": null,
      "cursor": null
    },
    {
      "id": "AWGNXf96_ybimMi00F",
      "name": "Arbour Introduction",
      "href": "/",
      "cursor": "pointer"
    },
    {
      "id": "AWGNXf96_fAzfyleWg",
      "href": null,
      "cursor": null
    },
    {
      "id": "IitvyCHtzybimMi00F",
      "name": "Arbour Introduction",
      "href": "/",
      "cursor": "pointer"
    },
    {
      "id": "IitvyCHtzfAzfyleWg",
      "href": null,
      "cursor": null
    }
  ]
}
